warning: unused import: `EdgePath`
 --> crates\layout-engine\src\incremental.rs:8:21
  |
8 | use crate::engine::{EdgePath, LayoutOutput, NodePosition};
  |                     ^^^^^^^^
  |
  = note: `#[warn(unused_imports)]` (part of `#[warn(unused)]`) on by default

warning: unused import: `uuid::Uuid`
  --> crates\event-bus\src\debouncer.rs:20:5
   |
20 | use uuid::Uuid;
   |     ^^^^^^^^^^
   |
   = note: `#[warn(unused_imports)]` (part of `#[warn(unused)]`) on by default

warning: the `Err`-variant returned from this function is very large
  --> crates\event-bus\src\bus.rs:58:31
   |
58 |     pub fn to_event(&self) -> Result<CanvasEvent, EventBusError> {
   |                               ^^^^^^^^^^^^^^^^^^^^^^^^^^^^^^^^^^ the `Err`-variant is at least 152 bytes
   |
   = help: try reducing the size of `error::EventBusError`, for example by boxing large elements or replacing it with `Box<error::EventBusError>`
   = help: for further information visit https://rust-lang.github.io/rust-clippy/rust-1.98.0/index.html#result_large_err
   = note: `#[warn(clippy::result_large_err)]` on by default

warning: the `Err`-variant returned from this function is very large
   --> crates\event-bus\src\bus.rs:242:56
    |
242 |     pub async fn publish(&self, event: CanvasEvent) -> Result<String, EventBusError> {
    |                                                        ^^^^^^^^^^^^^^^^^^^^^^^^^^^^^ the `Err`-variant is at least 152 bytes
    |
    = help: try reducing the size of `error::EventBusError`, for example by boxing large elements or replacing it with `Box<error::EventBusError>`
    = help: for further information visit https://rust-lang.github.io/rust-clippy/rust-1.98.0/index.html#result_large_err

warning: the `Err`-variant returned from this function is very large
   --> crates\event-bus\src\bus.rs:251:10
    |
251 |     ) -> Result<String, EventBusError> {
    |          ^^^^^^^^^^^^^^^^^^^^^^^^^^^^^ the `Err`-variant is at least 152 bytes
    |
    = help: try reducing the size of `error::EventBusError`, for example by boxing large elements or replacing it with `Box<error::EventBusError>`
    = help: for further information visit https://rust-lang.github.io/rust-clippy/rust-1.98.0/index.html#result_large_err

warning: the `Err`-variant returned from this function is very large
   --> crates\event-bus\src\bus.rs:286:10
    |
286 |     ) -> Result<Vec<EventEnvelope>, EventBusError> {
    |          ^^^^^^^^^^^^^^^^^^^^^^^^^^^^^^^^^^^^^^^^^ the `Err`-variant is at least 152 bytes
    |
    = help: try reducing the size of `error::EventBusError`, for example by boxing large elements or replacing it with `Box<error::EventBusError>`
    = help: for further information visit https://rust-lang.github.io/rust-clippy/rust-1.98.0/index.html#result_large_err

warning: the `Err`-variant returned from this function is very large
   --> crates\event-bus\src\bus.rs:291:75
    |
291 |     pub async fn ack(&self, stream: &str, group: &str, event_id: &str) -> Result<(), EventBusError> {
    |                                                                           ^^^^^^^^^^^^^^^^^^^^^^^^^ the `Err`-variant is at least 152 bytes
    |
    = help: try reducing the size of `error::EventBusError`, for example by boxing large elements or replacing it with `Box<error::EventBusError>`
    = help: for further information visit https://rust-lang.github.io/rust-clippy/rust-1.98.0/index.html#result_large_err

warning: the `Err`-variant returned from this function is very large
   --> crates\event-bus\src\bus.rs:296:59
    |
296 |     pub async fn lag(&self, stream: &str, group: &str) -> Result<u64, EventBusError> {
    |                                                           ^^^^^^^^^^^^^^^^^^^^^^^^^^ the `Err`-variant is at least 152 bytes
    |
    = help: try reducing the size of `error::EventBusError`, for example by boxing large elements or replacing it with `Box<error::EventBusError>`
    = help: for further information visit https://rust-lang.github.io/rust-clippy/rust-1.98.0/index.html#result_large_err

warning: the `Err`-variant returned from this function is very large
   --> crates\event-bus\src\bus.rs:329:42
    |
329 |     pub async fn poll_once(&mut self) -> Result<usize, EventBusError> {
    |                                          ^^^^^^^^^^^^^^^^^^^^^^^^^^^^ the `Err`-variant is at least 152 bytes
    |
    = help: try reducing the size of `error::EventBusError`, for example by boxing large elements or replacing it with `Box<error::EventBusError>`
    = help: for further information visit https://rust-lang.github.io/rust-clippy/rust-1.98.0/index.html#result_large_err

warning: doc list item overindented
 --> crates\event-bus\src\consumer.rs:6:5
  |
6 | //!                  BranchUpdated / MainUpdated / AgentStarted / AgentStopped /
  |     ^^^^^^^^^^^^^^^^^ help: try using `  ` (2 spaces)
  |
  = help: for further information visit https://rust-lang.github.io/rust-clippy/rust-1.98.0/index.html#doc_overindented_list_items
  = note: `#[warn(clippy::doc_overindented_list_items)]` on by default

warning: doc list item overindented
 --> crates\event-bus\src\consumer.rs:7:5
  |
7 | //!                  TaskChanged / RiskDetected / RiskResolved / HealthChanged /
  |     ^^^^^^^^^^^^^^^^^ help: try using `  ` (2 spaces)
  |
  = help: for further information visit https://rust-lang.github.io/rust-clippy/rust-1.98.0/index.html#doc_overindented_list_items

warning: doc list item overindented
 --> crates\event-bus\src\consumer.rs:8:5
  |
8 | //!                  RelationCreated / RelationRemoved (UI 推送)
  |     ^^^^^^^^^^^^^^^^^ help: try using `  ` (2 spaces)
  |
  = help: for further information visit https://rust-lang.github.io/rust-clippy/rust-1.98.0/index.html#doc_overindented_list_items

warning: unused import: `async_trait::async_trait`
  --> crates\action-engine\src\engine.rs:14:5
   |
14 | use async_trait::async_trait;
   |     ^^^^^^^^^^^^^^^^^^^^^^^^
   |
   = note: `#[warn(unused_imports)]` (part of `#[warn(unused)]`) on by default

warning: unused imports: `UserId` and `WorktreeId`
  --> crates\action-engine\src\engine.rs:15:25
   |
15 | use graph_core::types::{UserId, WorktreeId};
   |                         ^^^^^^  ^^^^^^^^^^

warning: unused imports: `Deserialize` and `Serialize`
  --> crates\action-engine\src\engine.rs:16:13
   |
16 | use serde::{Deserialize, Serialize};
   |             ^^^^^^^^^^^  ^^^^^^^^^

warning: unused imports: `ActionClass` and `ActionContext`
  --> crates\action-engine\src\engine.rs:20:31
   |
20 |     default_metadata, Action, ActionClass, ActionContext, ActionMetadata, ActionRequest,
   |                               ^^^^^^^^^^^  ^^^^^^^^^^^^^

warning: this function has too many arguments (8/7)
  --> crates\action-engine\src\audit_writer.rs:86:5
   |
86 | /     pub fn append(
87 | |         &self,
88 | |         action_type: impl Into<String>,
89 | |         worktree_id: WorktreeId,
...  |
94 | |         payload: serde_json::Value,
95 | |     ) -> Result<u64, AuditWriterError> {
   | |______________________________________^
   |
   = help: for further information visit https://rust-lang.github.io/rust-clippy/rust-1.98.0/index.html#too_many_arguments
   = note: `#[warn(clippy::too_many_arguments)]` on by default

warning: returning the result of a `let` binding from a block
   --> crates\action-engine\src\rbac.rs:107:5
    |
 87 | /     let decision = match (user.role, action) {
 88 | |         // Owner: 所有
 89 | |         (Owner, _) => Allow,
...   |
105 | |         (_, _) => Deny,
106 | |     };
    | |______- unnecessary `let` binding
107 |       decision
    |       ^^^^^^^^
    |
    = help: for further information visit https://rust-lang.github.io/rust-clippy/rust-1.98.0/index.html#let_and_return
    = note: `#[warn(clippy::let_and_return)]` on by default
help: return the expression directly
    |
 87 ~     
 88 ~     match (user.role, action) {
 89 ~         // Owner: 所有
 90 +         (Owner, _) => Allow,
 91 ~         // SRE: Sync / Rebase / Merge / ForceMerge (per DD §44)
 92 ~         // 注: SRE 不在 §44 矩阵中, 仅 Owner 有全部; 但本期放权 SRE 给运维侧.
 93 +         (SRE, SyncMain | Rebase | Merge | ForceMerge | ForceRebase | Focus | ExplainRisk
 94 +         | Compare) => Allow,
 95 ~         // Lead: 同 §44 — Focus / ExplainRisk / Compare / Lock / Unlock / SyncMain / Archive / Cleanup
 96 ~         // (Lock / Unlock 不在 18 Action 中 — 见 action.rs §0 注; Lead 域类操作本期 0 个 Action 对应,
 97 ~         //  用 SRE 类代替; Lock/Unlock 实装时再加进 18 个)
 98 ~         // PM: 只读
 99 +         (PM, Focus | ExplainRisk | Compare | Open | OpenInIDE | ListEvents) => Allow,
100 ~         // Viewer: 只读
101 +         (Viewer, Focus | ExplainRisk | Compare | Open | OpenInIDE | ListEvents) => Allow,
102 ~         // Lead: 自己域内 (MVP 简化: 默认允许 Lead 操作域内 Action)
103 ~         // 完整实现应检查 user.domain_id == worktree.repo_id.domain_id
104 +         (Lead, _) => Allow,
105 ~         // 其他组合拒绝
106 +         (_, _) => Deny,
107 +     }
    |

warning: `layout-engine` (lib) generated 1 warning (run `cargo clippy --fix --lib -p layout-engine -- ` to apply 1 suggestion)
warning: `event-bus` (lib) generated 11 warnings (run `cargo clippy --fix --lib -p event-bus -- ` to apply 1 suggestion)
warning: `action-engine` (lib) generated 6 warnings (run `cargo clippy --fix --lib -p action-engine -- ` to apply 5 suggestions)
    Finished `dev` profile [unoptimized + debuginfo] target(s) in 0.34s